// Jest Snapshot v1, https://goo.gl/fbAQLP

exports[`<App/> Renders correctly 1`] = `
Array [
  <header>
    <h1>
      RESTy
    </h1>
  </header>,
  <main>
    <div
      className="methodDiv"
    >
      <label
        className="url"
      >
        URL:
      </label>
      <input
        className="url"
        onChange={[Function]}
        type="text"
      />
      <button
        className="go"
        id="go"
        onClick={[Function]}
      >
        Go!
      </button>
      <br />
      <button
        className="method"
        id="get"
        onClick={[Function]}
      >
        GET
      </button>
      <button
        className="method"
        id="post"
        onClick={[Function]}
      >
        POST
      </button>
      <button
        className="method"
        id="put"
        onClick={[Function]}
      >
        PUT
      </button>
      <button
        className="method"
        id="delete"
        onClick={[Function]}
      >
        DELETE
      </button>
    </div>
    <div
      className="output"
    >
      
       
    </div>
  </main>,
  <p>
      Â© 2020 Code Fellows
  </p>,
]
`;
