// Jest Snapshot v1, https://goo.gl/fbAQLP

exports[`<Form/> Renders correctly 1`] = `
<main>
  <div
    className="methodDiv"
  >
    <label
      className="url"
    >
      URL:
    </label>
    <input
      className="url"
      onChange={[Function]}
      type="text"
    />
    <button
      className="go"
      id="go"
      onClick={[Function]}
    >
      Go!
    </button>
    <br />
    <button
      className="method"
      id="get"
      onClick={[Function]}
    >
      GET
    </button>
    <button
      className="method"
      id="post"
      onClick={[Function]}
    >
      POST
    </button>
    <button
      className="method"
      id="put"
      onClick={[Function]}
    >
      PUT
    </button>
    <button
      className="method"
      id="delete"
      onClick={[Function]}
    >
      DELETE
    </button>
  </div>
  <div
    className="output"
  >
    
     
  </div>
</main>
`;
